// Jest Snapshot v1, https://goo.gl/fbAQLP

exports[`should match the snapshot test 1`] = `[Function]`;
